// Jest Snapshot v1, https://goo.gl/fbAQLP

exports[`should correctly render LoginPage component 1`] = `
<div
  className="box-layout"
>
  <div
    className="box-layout__box"
  >
    <h1
      className="box-layout__title"
    >
      Expenser
    </h1>
    <p>
      Manage your expenses the right way!
    </p>
    <button
      className="button"
    >
      Login with Google!
    </button>
  </div>
</div>
`;
